[
    {
      "url": "https://eventmesh.apache.org/",
      "rank": 1,
      "title": "Apache EventMesh",
      "snippet": "Apache EventMesh is a dynamic event-driven application runtime used to decouple the application and backend middleware layer, which supports a wide range of use cases.",
      "metadata": {
        "position": "1"
      }
    },
    {
      "url": "https://github.com/apache/eventmesh",
      "rank": 2,
      "title": "EventMesh GitHub Repository",
      "snippet": "EventMesh is a dynamic cloud-native eventing infrastructure used to decouple the application and backend middleware layer.",
      "metadata": {
        "position": "2"
      }
    },
    {
      "url": "https://eventmesh.apache.org/docs/",
      "rank": 3,
      "title": "EventMesh Documentation",
      "snippet": "Comprehensive documentation for Apache EventMesh including getting started guides, tutorials, and API references.",
      "metadata": {
        "position": "3"
      }
    }
  ]
