[
    {
      "input": "https://example.com",
      "expected_is_url": true
    },
    {
      "input": "http://localhost:8080",
      "expected_is_url": true
    },
    {
      "input": "https://eventmesh.apache.org/docs/introduction",
      "expected_is_url": true
    },
    {
      "input": "not a url",
      "expected_is_url": false
    },
    {
      "input": "eventmesh documentation",
      "expected_is_url": false
    },
    {
      "input": "ftp://example.com",
      "expected_is_url": false
    },
    {
      "input": "https://",
      "expected_is_url": false
    },
    {
      "input": "",
      "expected_is_url": false
    }
  ]
