// Golden test snapshot for: blog_post_article
// Generated for URL: https://devblog.example.com/scalable-web-apps-guide
// Extraction mode: ExtractionMode::Article
// Expected features: ["long_form_content", "code_blocks", "table_of_contents", "author_bio", "technical_categories", "tutorial_structure"]
{
  "url": "https://devblog.example.com/scalable-web-apps-guide",
  "title": "10 Essential Tips for Building Scalable Web Applications",
  "byline": "Alex Johnson",
  "published_iso": null,
  "markdown": "",
  "text": "Web Development\n                10 Essential Tips for Building Scalable Web Applications\n                \n                    \n                    \n                        By Alex Johnson\n                        September 24, 2024\n                        12 min read\n                    \n                \n                \n            \n\n            \n                Building web applications that can scale effectively is one of the most challenging aspects of modern software development. Whether you're creating a startup MVP or architecting an enterprise system, scalability should be a core consideration from day one.\n\n                In this comprehensive guide, we'll explore ten essential strategies that will help you build applications capable of handling growth while maintaining performance, reliability, and maintainability.\n\n                \n                    Table of Contents\n                    \n                        Choose the Right Architecture Patterns\n                        Optimize Your Database Strategy\n                        Implement Effective Caching\n                        Master Load Balancing\n                        Design APIs for Scale\n                        Monitoring and Observability\n                        Security at Scale\n                        Testing Strategies\n                        Deployment and Automation\n                        Performance Optimization\n                    \n                \n\n                \n                    1. Choose the Right Architecture Patterns\n                    The foundation of any scalable application lies in its architecture. Monolithic architectures can work for small applications, but as complexity grows, you'll need to consider more flexible patterns.\n\n                    Microservices Architecture\n                    Microservices allow you to break down your application into smaller, independently deployable services. This approach offers several benefits:\n                    \n                        Independent scaling of different components\n                        Technology diversity across services\n                        Improved fault isolation\n                        Easier maintenance and updates\n                    \n\n                    \n// Example: Service separation\n// User Service\nclass UserService {\n    async createUser(userData) {\n        // Handle user creation logic\n        return await this.userRepository.create(userData);\n    }\n}\n\n// Order Service\nclass OrderService {\n    async processOrder(orderData) {\n        // Handle order processing logic\n        return await this.orderRepository.create(orderData);\n    }\n}\n                    \n\n                    Event-Driven Architecture\n                    Implementing event-driven patterns helps decouple services and enables asynchronous processing, which is crucial for scalability.\n                \n\n                \n                    2. Optimize Your Database Strategy\n                    Database performance often becomes the bottleneck in scaling applications. Here are key strategies:\n\n                    Database Sharding\n                    Sharding distributes data across multiple database instances, allowing you to scale beyond the limits of a single server.\n\n                    Read Replicas\n                    Implement read replicas to distribute read traffic and improve query performance.\n\n                    \n// Example: Database connection strategy\nconst readDB = new DatabaseConnection({\n    host: 'read-replica.example.com',\n    readonly: true\n});\n\nconst writeDB = new DatabaseConnection({\n    host: 'primary.example.com',\n    readonly: false\n});\n\nasync function getUser(id) {\n    return await readDB.query('SELECT * FROM users WHERE id = ?', [id]);\n}\n\nasync function createUser(userData) {\n    return await writeDB.query('INSERT INTO users SET ?', userData);\n}\n                    \n                \n\n                \n                    3. Implement Effective Caching\n                    Caching is one of the most effective ways to improve application performance and reduce database load.\n\n                    Multi-Level Caching\n                    \n                        Browser Cache: Static assets and API responses\n                        CDN Cache: Global distribution of static content\n                        Application Cache: In-memory caching with Redis or Memcached\n                        Database Cache: Query result caching\n                    \n\n                    \n// Example: Redis caching implementation\nconst redis = require('redis');\nconst client = redis.createClient();\n\nasync function getCachedUser(userId) {\n    const cached = await client.get(`user:${userId}`);\n    if (cached) {\n        return JSON.parse(cached);\n    }\n\n    const user = await database.getUser(userId);\n    await client.setEx(`user:${userId}`, 3600, JSON.stringify(user));\n    return user;\n}\n                    \n                \n\n                \n                    4. Master Load Balancing\n                    Load balancing distributes incoming requests across multiple server instances, preventing any single server from becoming overwhelmed.\n\n                    Types of Load Balancing\n                    \n                        Round Robin: Distributes requests evenly\n                        Least Connections: Routes to least busy server\n                        Weighted Routing: Distributes based on server capacity\n                        Health-based Routing: Avoids unhealthy servers\n                    \n                \n\n                \n                    Want More Developer Tips?\n                    Subscribe to our newsletter for weekly insights on building better web applications.\n                    \n                        \n                        Subscribe\n                    \n                \n\n                \n                    5. Design APIs for Scale\n                    Well-designed APIs are essential for scalable applications. Focus on:\n                    \n                        RESTful design principles\n                        Proper HTTP status codes\n                        Rate limiting and throttling\n                        API versioning strategies\n                        Comprehensive documentation\n                    \n                \n\n                \n                    6. Monitoring and Observability\n                    You can't scale what you can't measure. Implement comprehensive monitoring:\n                    \n                        Application Performance Monitoring (APM)\n                        Log aggregation and analysis\n                        Real-time alerting\n                        Business metrics tracking\n                    \n                \n\n                \n\n                \n                    \n                    \n                        About Alex Johnson\n                        Alex is a senior software architect with over 10 years of experience building scalable web applications. He's worked with startups and Fortune 500 companies, helping them navigate the challenges of growth and scale.\n                        \n                            Twitter |\n                            LinkedIn |\n                            GitHub\n                        \n                    \n                \n            \n\n            \n                \n                    Web Development\n                    Scalability\n                    Architecture\n                    Performance\n                    Best Practices\n                \n                \n                    Share on Twitter\n                    Share on Facebook\n                    Share on Dev.to",
  "links": [
    "{\"url\":\"https://devblog.example.com/\",\"text\":\"Home\",\"rel\":\"\",\"hreflang\":\"\"}",
    "{\"url\":\"https://devblog.example.com/tutorials\",\"text\":\"Tutorials\",\"rel\":\"\",\"hreflang\":\"\"}",
    "{\"url\":\"https://devblog.example.com/guides\",\"text\":\"Guides\",\"rel\":\"\",\"hreflang\":\"\"}",
    "{\"url\":\"https://devblog.example.com/tools\",\"text\":\"Tools\",\"rel\":\"\",\"hreflang\":\"\"}",
    "{\"url\":\"https://devblog.example.com/about\",\"text\":\"About\",\"rel\":\"\",\"hreflang\":\"\"}",
    "{\"url\":\"https://devblog.example.com/scalable-web-apps-guide#architecture-patterns\",\"text\":\"Choose the Right Architecture Patterns\",\"rel\":\"\",\"hreflang\":\"\"}",
    "{\"url\":\"https://devblog.example.com/scalable-web-apps-guide#database-optimization\",\"text\":\"Optimize Your Database Strategy\",\"rel\":\"\",\"hreflang\":\"\"}",
    "{\"url\":\"https://devblog.example.com/scalable-web-apps-guide#caching-strategies\",\"text\":\"Implement Effective Caching\",\"rel\":\"\",\"hreflang\":\"\"}",
    "{\"url\":\"https://devblog.example.com/scalable-web-apps-guide#load-balancing\",\"text\":\"Master Load Balancing\",\"rel\":\"\",\"hreflang\":\"\"}",
    "{\"url\":\"https://devblog.example.com/scalable-web-apps-guide#api-design\",\"text\":\"Design APIs for Scale\",\"rel\":\"\",\"hreflang\":\"\"}",
    "{\"url\":\"https://devblog.example.com/scalable-web-apps-guide#monitoring-observability\",\"text\":\"Monitoring and Observability\",\"rel\":\"\",\"hreflang\":\"\"}",
    "{\"url\":\"https://devblog.example.com/scalable-web-apps-guide#security-practices\",\"text\":\"Security at Scale\",\"rel\":\"\",\"hreflang\":\"\"}",
    "{\"url\":\"https://devblog.example.com/scalable-web-apps-guide#testing-strategies\",\"text\":\"Testing Strategies\",\"rel\":\"\",\"hreflang\":\"\"}",
    "{\"url\":\"https://devblog.example.com/scalable-web-apps-guide#deployment-automation\",\"text\":\"Deployment and Automation\",\"rel\":\"\",\"hreflang\":\"\"}",
    "{\"url\":\"https://devblog.example.com/scalable-web-apps-guide#performance-optimization\",\"text\":\"Performance Optimization\",\"rel\":\"\",\"hreflang\":\"\"}",
    "{\"url\":\"https://twitter.com/alexjohnsondev\",\"text\":\"Twitter\",\"rel\":\"\",\"hreflang\":\"\"}",
    "{\"url\":\"https://linkedin.com/in/alexjohnsondev\",\"text\":\"LinkedIn\",\"rel\":\"\",\"hreflang\":\"\"}",
    "{\"url\":\"https://github.com/alexjohnson\",\"text\":\"GitHub\",\"rel\":\"\",\"hreflang\":\"\"}",
    "{\"url\":\"https://devblog.example.com/scalable-web-apps-guide#\",\"text\":\"Share on Twitter\",\"rel\":\"\",\"hreflang\":\"\"}",
    "{\"url\":\"https://devblog.example.com/scalable-web-apps-guide#\",\"text\":\"Share on Facebook\",\"rel\":\"\",\"hreflang\":\"\"}",
    "{\"url\":\"https://devblog.example.com/scalable-web-apps-guide#\",\"text\":\"Share on Dev.to\",\"rel\":\"\",\"hreflang\":\"\"}",
    "{\"url\":\"https://devblog.example.com/performance-optimization-guide\",\"text\":\"Complete Guide to Web Performance Optimization\",\"rel\":\"\",\"hreflang\":\"\"}",
    "{\"url\":\"https://devblog.example.com/microservices-patterns\",\"text\":\"Essential Microservices Design Patterns\",\"rel\":\"\",\"hreflang\":\"\"}",
    "{\"url\":\"https://devblog.example.com/database-scaling-strategies\",\"text\":\"Database Scaling: From Single Instance to Distributed Systems\",\"rel\":\"\",\"hreflang\":\"\"}",
    "canonical:https://devblog.example.com/scalable-web-apps-guide"
  ],
  "media": [
    "image:https://devblog.example.com/avatars/alex-johnson.jpg",
    "image:https://devblog.example.com/images/scalable-apps-hero.jpg",
    "image:https://devblog.example.com/avatars/alex-johnson.jpg",
    "og:image:https://devblog.example.com/images/scalable-apps-hero.jpg"
  ],
  "language": "en",
  "reading_time": 3,
  "quality_score": 100,
  "word_count": 619,
  "categories": [
    "Architecture",
    "Best Practices",
    "Performance",
    "Scalability",
    "Web Development"
  ],
  "site_name": "DevBlog Pro",
  "description": "Learn proven strategies for creating web applications that can handle growth and maintain performance as your user base expands."
}