// Golden test snapshot for: gallery_site_full
// Generated for URL: https://photogallery.example.com/collections/tokyo-street-life
// Extraction mode: ExtractionMode::Full
// Expected features: ["image_gallery_extraction", "media_metadata", "photographer_info", "collection_structure", "image_captions", "technical_details"]
{
  "url": "https://photogallery.example.com/collections/tokyo-street-life",
  "title": "Urban Photography Collection - Street Life in Tokyo",
  "byline": "Yuki Tanaka",
  "published_iso": null,
  "markdown": "",
  "text": "<header class=\"site-header\">\n<nav class=\"main-nav\">\nUrban Lens Gallery\n<ul>\n<li><a href=\"/\">Home</a></li>\n<li><a href=\"/collections\">Collections</a></li>\n<li><a href=\"/photographers\">Photographers</a></li>\n<li><a href=\"/exhibitions\">Exhibitions</a></li>\n<li><a href=\"/shop\">Shop</a></li>\n<li><a href=\"/about\">About</a></li>\n</ul>\n</nav>\n\n<nav class=\"breadcrumb\">\n<a href=\"/\">Home</a> >\n<a href=\"/collections\">Collections</a> >\n<a href=\"/collections/urban\">Urban Photography</a> >\nTokyo Street Life\n</nav>\n</header>\n\n<main class=\"gallery-main\">\n<section class=\"collection-header\">\n\n<h1>Urban Photography Collection - Street Life in Tokyo</h1>\n\n<img src=\"https://photogallery.example.com/avatars/yuki-tanaka.jpg\" alt=\"Yuki Tanaka\" class=\"photographer-avatar\">\n\n<h3>Yuki Tanaka</h3>\n<p>Professional street photographer based in Tokyo</p>\n\n<span>47 photographs</span> |\n<span>Published: September 20, 2024</span> |\n<span>12,847 views</span>\n\n<p>This collection captures the essence of modern Tokyo through intimate street photography, showcasing the intersection of traditional Japanese culture and contemporary urban life. Each image tells a story of the city's rhythm, from the quiet moments in temple courtyards to the bustling energy of Shibuya crossing.</p>\n\n<p>Shot over six months during different seasons, these photographs reveal the subtle changes in light, mood, and atmosphere that define Tokyo's unique character. The series focuses on human connection, architectural details, and the poetry found in everyday urban moments.</p>\n\n<img src=\"https://photogallery.example.com/images/tokyo-street-main.jpg\" alt=\"Silhouettes of people walking through a sunlit alley in Shibuya, Tokyo, with traditional lanterns overhead\">\n\n</section>\n\n<section class=\"filter-bar\">\n\n<label>Filter by:</label>\n<select id=\"location-filter\">\n<option value=\"all\">All Locations</option>\n<option value=\"shibuya\">Shibuya</option>\n<option value=\"harajuku\">Harajuku</option>\n<option value=\"asakusa\">Asakusa</option>\n<option value=\"ginza\">Ginza</option>\n<option value=\"shinjuku\">Shinjuku</option>\n</select>\n\n<select id=\"time-filter\">\n<option value=\"all\">All Times</option>\n<option value=\"morning\">Morning</option>\n<option value=\"afternoon\">Afternoon</option>\n<option value=\"evening\">Evening</option>\n<option value=\"night\">Night</option>\n</select>\n\n<select id=\"season-filter\">\n<option value=\"all\">All Seasons</option>\n<option value=\"spring\">Spring</option>\n<option value=\"summer\">Summer</option>\n<option value=\"autumn\">Autumn</option>\n<option value=\"winter\">Winter</option>\n</select>\n\n<label>Sort by:</label>\n<select id=\"sort-order\">\n<option value=\"newest\">Newest First</option>\n<option value=\"oldest\">Oldest First</option>\n<option value=\"popular\">Most Popular</option>\n<option value=\"title\">Title A-Z</option>\n</select>\n\n</section>\n\n<section class=\"gallery-grid\">\n\n<img src=\"https://photogallery.example.com/images/tokyo-01-shibuya-crossing.jpg\" alt=\"Aerial view of Shibuya crossing at dusk with thousands of pedestrians crossing in organized chaos\" loading=\"lazy\">\n\n<h3>The Dance of Shibuya</h3>\n<p class=\"photo-description\">The iconic Shibuya crossing captures Tokyo's organized chaos, where thousands of people move in perfect synchronization despite the apparent disorder.</p>\n\n<span>Location: Shibuya Crossing</span> |\n<span>Time: Evening</span> |\n<span>Season: Autumn 2024</span>\n\n<span>Canon EOS R5</span> |\n<span>85mm f/1.4</span> |\n<span>1/125s ISO 800</span>\n\n<img src=\"https://photogallery.example.com/images/tokyo-02-temple-morning.jpg\" alt=\"Early morning light streaming through traditional temple gates with incense smoke rising\" loading=\"lazy\">\n\n<h3>Sacred Morning Light</h3>\n<p class=\"photo-description\">The first rays of sunlight pierce through incense smoke at Senso-ji Temple, creating an ethereal atmosphere where tradition meets the new day.</p>\n\n<span>Location: Senso-ji Temple, Asakusa</span> |\n<span>Time: Early Morning</span> |\n<span>Season: Spring 2024</span>\n\n<span>Canon EOS R5</span> |\n<span>24-70mm f/2.8</span> |\n<span>1/60s ISO 400</span>\n\n<img src=\"https://photogallery.example.com/images/tokyo-03-harajuku-youth.jpg\" alt=\"Colorfully dressed young people in Harajuku expressing individual style and creativity\" loading=\"lazy\">\n\n<h3>Colors of Expression</h3>\n<p class=\"photo-description\">Harajuku's vibrant youth culture bursts with creativity and individuality, representing Tokyo's embrace of self-expression and artistic freedom.</p>\n\n<span>Location: Takeshita Street, Harajuku</span> |\n<span>Time: Afternoon</span> |\n<span>Season: Summer 2024</span>\n\n<span>Canon EOS R5</span> |\n<span>50mm f/1.8</span> |\n<span>1/200s ISO 200</span>\n\n<img src=\"https://photogallery.example.com/images/tokyo-04-ginza-reflections.jpg\" alt=\"Neon signs reflecting on wet pavement after winter rain in upscale Ginza district\" loading=\"lazy\">\n\n<h3>Neon Reflections</h3>\n<p class=\"photo-description\">Winter rain transforms Ginza's streets into a mirror for neon signs, creating a dreamlike reflection of Tokyo's sophisticated nightlife.</p>\n\n<span>Location: Ginza Main Street</span> |\n<span>Time: Night</span> |\n<span>Season: Winter 2024</span>\n\n<span>Canon EOS R5</span> |\n<span>35mm f/2</span> |\n<span>1/30s ISO 1600</span>\n\n<img src=\"https://photogallery.example.com/images/tokyo-05-cherry-blossoms.jpg\" alt=\"Office workers having hanami parties under cherry blossoms in a Shinjuku park\" loading=\"lazy\">\n\n<h3>Urban Hanami</h3>\n<p class=\"photo-description\">Spring cherry blossoms bring Tokyo together as office workers and families gather for traditional hanami celebrations amidst the urban landscape.</p>\n\n<span>Location: Shinjuku Park</span> |\n<span>Time: Evening</span> |\n<span>Season: Spring 2024</span>\n\n<span>Canon EOS R5</span> |\n<span>85mm f/1.4</span> |\n<span>1/100s ISO 400</span>\n\n<img src=\"https://photogallery.example.com/images/tokyo-06-train-station.jpg\" alt=\"Commuters rushing through illuminated underground passages of Shibuya station\" loading=\"lazy\">\n\n<h3>Underground Rivers</h3>\n<p class=\"photo-description\">The underground passages of Shibuya station flow with streams of commuters, resembling underground rivers of human movement.</p>\n\n<span>Location: Shibuya Station Underground</span> |\n<span>Time: Night</span> |\n<span>Season: Winter 2024</span>\n\n<span>Canon EOS R5</span> |\n<span>24mm f/2.8</span> |\n<span>1/15s ISO 3200</span>\n\n</section>\n\n<section class=\"load-more\">\n<button class=\"btn-load-more\">Load More Photos (41 remaining)</button>\n</section>\n\n<section class=\"photographer-bio\">\n<div class=\"bio-content\">\n<img src=\"https://photogallery.example.com/avatars/yuki-tanaka-full.jpg\" alt=\"Yuki Tanaka with camera equipment in Tokyo street\">\n\n<h2>About the Photographer</h2>\n<h3>Yuki Tanaka</h3>\n<p>Born and raised in Tokyo, Yuki Tanaka has spent the last decade documenting the evolving face of Japan's capital city. Her work focuses on the human experience within urban environments, capturing moments that reveal the soul of the city beneath its bustling surface.</p>\n\n<p>Yuki's photography has been featured in numerous international exhibitions and publications, including National Geographic, Time Magazine, and the Tokyo Metropolitan Museum of Photography. She is particularly known for her ability to find intimate moments within crowded spaces.</p>\n\n<h4>Recent Awards</h4>\n<ul>\n<li>World Press Photo - Urban Life Category (2023)</li>\n<li>Sony World Photography Awards - Street Photography (2022)</li>\n<li>Tokyo Photography Prize - Grand Prize (2021)</li>\n</ul>\n\n<a href=\"https://instagram.com/yukitanaka_photo\">Instagram</a> |\n<a href=\"https://twitter.com/yukiphoto\">Twitter</a> |\n<a href=\"https://yukitanaka.com\">Website</a>\n\n</div>\n</section>\n\n<section class=\"related-collections\">\n<h2>Related Collections</h2>\n\n<img src=\"https://photogallery.example.com/images/osaka-nights-thumb.jpg\" alt=\"Neon-lit street in Osaka at night\">\n<h3><a href=\"/collections/osaka-nights\">Osaka After Dark</a></h3>\n<p>28 photographs exploring the nightlife and neon culture of Japan's kitchen</p>\n<span class=\"photographer\">by Kenji Nakamura</span>\n\n<img src=\"https://photogallery.example.com/images/kyoto-seasons-thumb.jpg\" alt=\"Traditional Kyoto temple in autumn\">\n<h3><a href=\"/collections/kyoto-seasons\">Kyoto Through the Seasons</a></h3>\n<p>52 photographs capturing the ancient capital's beauty throughout the year</p>\n<span class=\"photographer\">by Miyuki Sato</span>\n\n<img src=\"https://photogallery.example.com/images/rural-japan-thumb.jpg\" alt=\"Traditional farmhouse in Japanese countryside\">\n<h3><a href=\"/collections/rural-japan\">Rural Japan: Forgotten Villages</a></h3>\n<p>36 photographs documenting disappearing rural communities</p>\n<span class=\"photographer\">by Hiroshi Yamada</span>\n\n</section>\n</main>\n\n<footer class=\"site-footer\">\n<div class=\"footer-content\">\n\n<h4>Urban Lens Gallery</h4>\n<p>Showcasing the world's finest urban and street photography</p>\n\n<a href=\"https://instagram.com/urbanlensgallery\">Instagram</a> |\n<a href=\"https://facebook.com/urbanlensgallery\">Facebook</a> |\n<a href=\"https://twitter.com/urbanlensphoto\">Twitter</a>\n\n<h4>Quick Links</h4>\n<ul>\n<li><a href=\"/submit\">Submit Your Work</a></li>\n<li><a href=\"/licensing\">Licensing</a></li>\n<li><a href=\"/prints\">Order Prints</a></li>\n<li><a href=\"/workshops\">Workshops</a></li>\n</ul>\n\n<h4>Legal</h4>\n<ul>\n<li><a href=\"/privacy\">Privacy Policy</a></li>\n<li><a href=\"/terms\">Terms of Use</a></li>\n<li><a href=\"/copyright\">Copyright Info</a></li>\n<li><a href=\"/contact\">Contact</a></li>\n</ul>\n\n</div>\n\n<p>&copy; 2024 Urban Lens Gallery. All rights reserved.</p>\n\n</footer>",
  "links": [
    "{\"url\":\"https://photogallery.example.com/\",\"text\":\"Home\",\"rel\":\"\",\"hreflang\":\"\"}",
    "{\"url\":\"https://photogallery.example.com/collections\",\"text\":\"Collections\",\"rel\":\"\",\"hreflang\":\"\"}",
    "{\"url\":\"https://photogallery.example.com/photographers\",\"text\":\"Photographers\",\"rel\":\"\",\"hreflang\":\"\"}",
    "{\"url\":\"https://photogallery.example.com/exhibitions\",\"text\":\"Exhibitions\",\"rel\":\"\",\"hreflang\":\"\"}",
    "{\"url\":\"https://photogallery.example.com/shop\",\"text\":\"Shop\",\"rel\":\"\",\"hreflang\":\"\"}",
    "{\"url\":\"https://photogallery.example.com/about\",\"text\":\"About\",\"rel\":\"\",\"hreflang\":\"\"}",
    "{\"url\":\"https://photogallery.example.com/\",\"text\":\"Home\",\"rel\":\"\",\"hreflang\":\"\"}",
    "{\"url\":\"https://photogallery.example.com/collections\",\"text\":\"Collections\",\"rel\":\"\",\"hreflang\":\"\"}",
    "{\"url\":\"https://photogallery.example.com/collections/urban\",\"text\":\"Urban Photography\",\"rel\":\"\",\"hreflang\":\"\"}",
    "{\"url\":\"https://instagram.com/yukitanaka_photo\",\"text\":\"Instagram\",\"rel\":\"\",\"hreflang\":\"\"}",
    "{\"url\":\"https://twitter.com/yukiphoto\",\"text\":\"Twitter\",\"rel\":\"\",\"hreflang\":\"\"}",
    "{\"url\":\"https://yukitanaka.com/\",\"text\":\"Website\",\"rel\":\"\",\"hreflang\":\"\"}",
    "{\"url\":\"https://photogallery.example.com/collections/osaka-nights\",\"text\":\"Osaka After Dark\",\"rel\":\"\",\"hreflang\":\"\"}",
    "{\"url\":\"https://photogallery.example.com/collections/kyoto-seasons\",\"text\":\"Kyoto Through the Seasons\",\"rel\":\"\",\"hreflang\":\"\"}",
    "{\"url\":\"https://photogallery.example.com/collections/rural-japan\",\"text\":\"Rural Japan: Forgotten Villages\",\"rel\":\"\",\"hreflang\":\"\"}",
    "{\"url\":\"https://instagram.com/urbanlensgallery\",\"text\":\"Instagram\",\"rel\":\"\",\"hreflang\":\"\"}",
    "{\"url\":\"https://facebook.com/urbanlensgallery\",\"text\":\"Facebook\",\"rel\":\"\",\"hreflang\":\"\"}",
    "{\"url\":\"https://twitter.com/urbanlensphoto\",\"text\":\"Twitter\",\"rel\":\"\",\"hreflang\":\"\"}",
    "{\"url\":\"https://photogallery.example.com/submit\",\"text\":\"Submit Your Work\",\"rel\":\"\",\"hreflang\":\"\"}",
    "{\"url\":\"https://photogallery.example.com/licensing\",\"text\":\"Licensing\",\"rel\":\"\",\"hreflang\":\"\"}",
    "{\"url\":\"https://photogallery.example.com/prints\",\"text\":\"Order Prints\",\"rel\":\"\",\"hreflang\":\"\"}",
    "{\"url\":\"https://photogallery.example.com/workshops\",\"text\":\"Workshops\",\"rel\":\"\",\"hreflang\":\"\"}",
    "{\"url\":\"https://photogallery.example.com/privacy\",\"text\":\"Privacy Policy\",\"rel\":\"\",\"hreflang\":\"\"}",
    "{\"url\":\"https://photogallery.example.com/terms\",\"text\":\"Terms of Use\",\"rel\":\"\",\"hreflang\":\"\"}",
    "{\"url\":\"https://photogallery.example.com/copyright\",\"text\":\"Copyright Info\",\"rel\":\"\",\"hreflang\":\"\"}",
    "{\"url\":\"https://photogallery.example.com/contact\",\"text\":\"Contact\",\"rel\":\"\",\"hreflang\":\"\"}",
    "canonical:https://photogallery.example.com/collections/tokyo-street-life"
  ],
  "media": [
    "image:https://photogallery.example.com/avatars/yuki-tanaka.jpg",
    "image:https://photogallery.example.com/images/tokyo-street-main.jpg",
    "image:https://photogallery.example.com/images/tokyo-01-shibuya-crossing.jpg",
    "image:https://photogallery.example.com/images/tokyo-02-temple-morning.jpg",
    "image:https://photogallery.example.com/images/tokyo-03-harajuku-youth.jpg",
    "image:https://photogallery.example.com/images/tokyo-04-ginza-reflections.jpg",
    "image:https://photogallery.example.com/images/tokyo-05-cherry-blossoms.jpg",
    "image:https://photogallery.example.com/images/tokyo-06-train-station.jpg",
    "image:https://photogallery.example.com/avatars/yuki-tanaka-full.jpg",
    "image:https://photogallery.example.com/images/osaka-nights-thumb.jpg",
    "image:https://photogallery.example.com/images/kyoto-seasons-thumb.jpg",
    "image:https://photogallery.example.com/images/rural-japan-thumb.jpg",
    "og:image:https://photogallery.example.com/images/tokyo-street-main.jpg"
  ],
  "language": "en",
  "reading_time": 3,
  "quality_score": 100,
  "word_count": 628,
  "categories": [
    "Collections",
    "Urban Photography"
  ],
  "site_name": "Urban Lens Gallery",
  "description": "Explore stunning urban photography capturing the vibrant street life and architectural beauty of modern Tokyo through the lens of acclaimed photographer Yuki Tanaka."
}