// Golden test snapshot for: nav_heavy_metadata
// Generated for URL: https://projectflow.example.com/dashboard
// Extraction mode: ExtractionMode::Metadata
// Expected features: ["site_metadata", "navigation_structure", "breadcrumb_extraction", "user_interface_elements", "application_context"]
{
  "url": "https://projectflow.example.com/dashboard",
  "title": "Enterprise Dashboard - Project Management Suite",
  "byline": "ProjectFlow Solutions",
  "published_iso": null,
  "markdown": "",
  "text": "<header class=\"header-nav\">\n\n<ul class=\"utility-links\">\n<li><a href=\"/help\">Help Center</a></li>\n<li><a href=\"/support\">Support</a></li>\n<li><a href=\"/status\">System Status</a></li>\n<li><a href=\"/api-docs\">API Documentation</a></li>\n<li class=\"language-selector\">\n<select>\n<option value=\"en\">English</option>\n<option value=\"es\">Español</option>\n<option value=\"fr\">Français</option>\n<option value=\"de\">Deutsch</option>\n<option value=\"ja\">日本語</option>\n</select>\n</li>\n</ul>\n\n<nav class=\"main-nav\">\n\n<a href=\"/\">ProjectFlow Enterprise</a>\n\n<ul class=\"nav-menu\">\n<li class=\"nav-item dropdown\">\n<a href=\"/dashboard\" class=\"nav-link\">Dashboard</a>\n\n<a href=\"/dashboard/overview\">Overview</a>\n<a href=\"/dashboard/analytics\">Analytics</a>\n<a href=\"/dashboard/reports\">Reports</a>\n<a href=\"/dashboard/metrics\">Key Metrics</a>\n<a href=\"/dashboard/custom\">Custom Views</a>\n\n</li>\n<li class=\"nav-item mega-dropdown\">\n<a href=\"/projects\" class=\"nav-link\">Projects</a>\n\n<div class=\"mega-menu-content\">\n\n<h4>Active Projects</h4>\n<ul>\n<li><a href=\"/projects/create\">Create New Project</a></li>\n<li><a href=\"/projects/templates\">Project Templates</a></li>\n<li><a href=\"/projects/import\">Import Projects</a></li>\n<li><a href=\"/projects/archive\">Archived Projects</a></li>\n</ul>\n\n<h4>Management</h4>\n<ul>\n<li><a href=\"/projects/gantt\">Gantt Charts</a></li>\n<li><a href=\"/projects/kanban\">Kanban Boards</a></li>\n<li><a href=\"/projects/calendar\">Project Calendar</a></li>\n<li><a href=\"/projects/timeline\">Timeline View</a></li>\n</ul>\n\n<h4>Collaboration</h4>\n<ul>\n<li><a href=\"/projects/teams\">Team Assignment</a></li>\n<li><a href=\"/projects/comments\">Comments & Notes</a></li>\n<li><a href=\"/projects/files\">File Sharing</a></li>\n<li><a href=\"/projects/approvals\">Approval Workflows</a></li>\n</ul>\n\n</div>\n\n</li>\n<li class=\"nav-item dropdown\">\n<a href=\"/tasks\" class=\"nav-link\">Tasks</a>\n\n<a href=\"/tasks/my-tasks\">My Tasks</a>\n<a href=\"/tasks/team-tasks\">Team Tasks</a>\n<a href=\"/tasks/create\">Create Task</a>\n<a href=\"/tasks/recurring\">Recurring Tasks</a>\n<a href=\"/tasks/overdue\">Overdue Tasks</a>\n<a href=\"/tasks/completed\">Completed Tasks</a>\n\n</li>\n<li class=\"nav-item dropdown\">\n<a href=\"/teams\" class=\"nav-link\">Teams</a>\n\n<a href=\"/teams/directory\">Team Directory</a>\n<a href=\"/teams/create\">Create Team</a>\n<a href=\"/teams/permissions\">Permissions</a>\n<a href=\"/teams/workload\">Workload Analysis</a>\n<a href=\"/teams/performance\">Performance Metrics</a>\n\n</li>\n<li class=\"nav-item dropdown\">\n<a href=\"/resources\" class=\"nav-link\">Resources</a>\n\n<a href=\"/resources/calendar\">Resource Calendar</a>\n<a href=\"/resources/allocation\">Resource Allocation</a>\n<a href=\"/resources/capacity\">Capacity Planning</a>\n<a href=\"/resources/conflicts\">Conflict Resolution</a>\n<a href=\"/resources/budget\">Budget Management</a>\n\n</li>\n<li class=\"nav-item dropdown\">\n<a href=\"/reporting\" class=\"nav-link\">Reporting</a>\n\n<a href=\"/reporting/executive\">Executive Summary</a>\n<a href=\"/reporting/project-status\">Project Status</a>\n<a href=\"/reporting/time-tracking\">Time Reports</a>\n<a href=\"/reporting/budget-analysis\">Budget Analysis</a>\n<a href=\"/reporting/custom-reports\">Custom Reports</a>\n<a href=\"/reporting/export\">Export Data</a>\n\n</li>\n<li class=\"nav-item dropdown\">\n<a href=\"/settings\" class=\"nav-link\">Settings</a>\n\n<a href=\"/settings/account\">Account Settings</a>\n<a href=\"/settings/organization\">Organization</a>\n<a href=\"/settings/integrations\">Integrations</a>\n<a href=\"/settings/security\">Security</a>\n<a href=\"/settings/billing\">Billing</a>\n\n</li>\n</ul>\n\n<a href=\"/notifications\" class=\"notification-bell\">\n<span class=\"notification-count\">7</span>\n</a>\n\n<a href=\"/profile\" class=\"user-profile\">\n<img src=\"https://projectflow.example.com/avatars/john-doe.jpg\" alt=\"John Doe\">\n<span>John Doe</span>\n</a>\n\n<a href=\"/profile\">My Profile</a>\n<a href=\"/preferences\">Preferences</a>\n<a href=\"/time-tracking\">Time Tracking</a>\n<a href=\"/my-reports\">My Reports</a>\n<hr>\n<a href=\"/logout\">Sign Out</a>\n\n</nav>\n\n<nav class=\"breadcrumb-nav\">\n\n<ol class=\"breadcrumb\">\n<li><a href=\"/\">Home</a></li>\n<li><a href=\"/dashboard\">Dashboard</a></li>\n<li><a href=\"/projects\">Projects</a></li>\n<li><a href=\"/projects/client-portal\">Client Portal Redesign</a></li>\n<li class=\"active\">Sprint Planning</li>\n</ol>\n\n</nav>\n</header>\n\n<aside class=\"sidebar-nav\">\n\n<h3>Quick Actions</h3>\n<ul class=\"quick-actions\">\n<li><a href=\"/tasks/create\">+ New Task</a></li>\n<li><a href=\"/projects/create\">+ New Project</a></li>\n<li><a href=\"/teams/invite\">+ Invite Member</a></li>\n<li><a href=\"/meetings/schedule\">+ Schedule Meeting</a></li>\n</ul>\n\n<h3>Current Projects</h3>\n<ul class=\"project-list\">\n<li class=\"project-item active\">\n<a href=\"/projects/client-portal\">\n\n<span class=\"project-name\">Client Portal Redesign</span>\n\n<span class=\"project-status\">In Progress</span>\n\n</a>\n</li>\n<li class=\"project-item\">\n<a href=\"/projects/mobile-app\">\n\n<span class=\"project-name\">Mobile App v2.0</span>\n\n<span class=\"project-status\">Planning</span>\n\n</a>\n</li>\n<li class=\"project-item\">\n<a href=\"/projects/api-integration\">\n\n<span class=\"project-name\">API Integration</span>\n\n<span class=\"project-status\">Testing</span>\n\n</a>\n</li>\n</ul>\n<a href=\"/projects\" class=\"view-all-link\">View All Projects</a>\n\n<h3>My Tasks</h3>\n<ul class=\"task-list\">\n<li class=\"task-item high-priority\">\n<a href=\"/tasks/1234\">\n<span class=\"task-title\">Review wireframes</span>\n<span class=\"task-due\">Due today</span>\n</a>\n</li>\n<li class=\"task-item medium-priority\">\n<a href=\"/tasks/1235\">\n<span class=\"task-title\">Update project timeline</span>\n<span class=\"task-due\">Due tomorrow</span>\n</a>\n</li>\n<li class=\"task-item low-priority\">\n<a href=\"/tasks/1236\">\n<span class=\"task-title\">Team status meeting</span>\n<span class=\"task-due\">Due Friday</span>\n</a>\n</li>\n</ul>\n<a href=\"/tasks/my-tasks\" class=\"view-all-link\">View All Tasks</a>\n\n<h3>Team Activity</h3>\n<ul class=\"activity-feed\">\n<li class=\"activity-item\">\n<img src=\"https://projectflow.example.com/avatars/sarah-wilson.jpg\" alt=\"Sarah Wilson\" class=\"activity-avatar\">\n<div class=\"activity-content\">\n<span class=\"activity-user\">Sarah Wilson</span>\n<span class=\"activity-action\">completed task</span>\n<a href=\"/tasks/1233\">\"Database migration\"</a>\n<span class=\"activity-time\">2 hours ago</span>\n</div>\n</li>\n<li class=\"activity-item\">\n<img src=\"https://projectflow.example.com/avatars/mike-chen.jpg\" alt=\"Mike Chen\" class=\"activity-avatar\">\n<div class=\"activity-content\">\n<span class=\"activity-user\">Mike Chen</span>\n<span class=\"activity-action\">commented on</span>\n<a href=\"/projects/client-portal\">\"Client Portal Redesign\"</a>\n<span class=\"activity-time\">4 hours ago</span>\n</div>\n</li>\n</ul>\n<a href=\"/activity\" class=\"view-all-link\">View All Activity</a>\n\n<h3>Favorites</h3>\n<ul class=\"favorites-list\">\n<li><a href=\"/dashboard/analytics\">Analytics Dashboard</a></li>\n<li><a href=\"/reporting/time-tracking\">Time Tracking Report</a></li>\n<li><a href=\"/projects/templates\">Project Templates</a></li>\n<li><a href=\"/teams/directory\">Team Directory</a></li>\n</ul>\n\n</aside>\n\n<main class=\"content-area\">\n\n<h1>Client Portal Redesign - Sprint Planning</h1>\n\n<button class=\"btn btn-secondary\">Export</button>\n<button class=\"btn btn-secondary\">Share</button>\n<button class=\"btn btn-primary\">Save Changes</button>\n\n<nav class=\"tab-navigation\">\n\n<a href=\"/projects/client-portal/overview\">Overview</a>\n\n<a href=\"/projects/client-portal/tasks\">Tasks (47)</a>\n\n<a href=\"/projects/client-portal/gantt\">Gantt Chart</a>\n\n<a href=\"/projects/client-portal/team\">Team (8)</a>\n\n<a href=\"/projects/client-portal/files\">Files (23)</a>\n\n<a href=\"/projects/client-portal/reports\">Reports</a>\n\n<a href=\"/projects/client-portal/settings\">Settings</a>\n\n</nav>\n\n<div class=\"content-body\">\n<section class=\"project-overview\">\n\n<h3>Project Progress</h3>\n\n<span class=\"metric-value\">67%</span>\n<span class=\"metric-label\">Complete</span>\n\nTasks: 32/47 complete\nMilestones: 3/5 reached\n\n<h3>Timeline Status</h3>\n\n<span class=\"metric-value\">On Track</span>\n<span class=\"metric-label\">Delivery: Dec 15</span>\n\nDays remaining: 47\nBuffer time: 5 days\n\n<h3>Budget Status</h3>\n\n<span class=\"metric-value\">$47,200</span>\n<span class=\"metric-label\">of $75,000</span>\n\nRemaining: $27,800\nBurn rate: On target\n\n<h3>Team Velocity</h3>\n\n<span class=\"metric-value\">23</span>\n<span class=\"metric-label\">points/sprint</span>\n\nAvg velocity: 21 pts\nTrend: +9.5%\n\n</section>\n\n<section class=\"sprint-planning\">\n<h2>Current Sprint (Sprint 7)</h2>\n\n<span class=\"sprint-dates\">Oct 1 - Oct 14, 2024</span>\n<span class=\"sprint-status\">Active</span>\n\n<button class=\"btn btn-sm\">Edit Sprint</button>\n<button class=\"btn btn-sm\">Add Task</button>\n\n<h3>To Do (8)</h3>\n\n<span class=\"task-id\">#1234</span>\n<span class=\"task-priority\">High</span>\n\n<h4>Implement user authentication</h4>\n\n<span class=\"task-points\">8 pts</span>\n<img src=\"https://projectflow.example.com/avatars/john-doe.jpg\" alt=\"John Doe\" class=\"assignee-avatar\">\n\n<h3>In Progress (5)</h3>\n\n<span class=\"task-id\">#1235</span>\n<span class=\"task-priority\">Medium</span>\n\n<h4>Design responsive layout</h4>\n\n<span class=\"task-points\">5 pts</span>\n<img src=\"https://projectflow.example.com/avatars/sarah-wilson.jpg\" alt=\"Sarah Wilson\" class=\"assignee-avatar\">\n\n<h3>Review (3)</h3>\n\n<span class=\"task-id\">#1236</span>\n<span class=\"task-priority\">Low</span>\n\n<h4>Update documentation</h4>\n\n<span class=\"task-points\">2 pts</span>\n<img src=\"https://projectflow.example.com/avatars/mike-chen.jpg\" alt=\"Mike Chen\" class=\"assignee-avatar\">\n\n<h3>Done (7)</h3>\n\n<span class=\"task-id\">#1237</span>\n<span class=\"task-priority\">High</span>\n\n<h4>Database schema design</h4>\n\n<span class=\"task-points\">13 pts</span>\n<img src=\"https://projectflow.example.com/avatars/lisa-park.jpg\" alt=\"Lisa Park\" class=\"assignee-avatar\">\n\n</section>\n\n<section class=\"pagination\">\n<nav class=\"pagination-nav\">\n<a href=\"#\" class=\"pagination-link disabled\">Previous</a>\n<a href=\"#\" class=\"pagination-link active\">1</a>\n<a href=\"#\" class=\"pagination-link\">2</a>\n<a href=\"#\" class=\"pagination-link\">3</a>\n<a href=\"#\" class=\"pagination-link\">4</a>\n<a href=\"#\" class=\"pagination-link\">5</a>\n<a href=\"#\" class=\"pagination-link\">Next</a>\n</nav>\n</section>\n</div>\n</main>\n\n<footer class=\"footer-links\">\n<div class=\"footer-content\">\n\n<h4>Platform</h4>\n<ul>\n<li><a href=\"/features\">Features</a></li>\n<li><a href=\"/integrations\">Integrations</a></li>\n<li><a href=\"/security\">Security</a></li>\n<li><a href=\"/mobile\">Mobile Apps</a></li>\n<li><a href=\"/api\">API</a></li>\n</ul>\n\n<h4>Resources</h4>\n<ul>\n<li><a href=\"/help\">Help Center</a></li>\n<li><a href=\"/tutorials\">Tutorials</a></li>\n<li><a href=\"/webinars\">Webinars</a></li>\n<li><a href=\"/best-practices\">Best Practices</a></li>\n<li><a href=\"/templates\">Templates</a></li>\n</ul>\n\n<h4>Company</h4>\n<ul>\n<li><a href=\"/about\">About Us</a></li>\n<li><a href=\"/careers\">Careers</a></li>\n<li><a href=\"/press\">Press</a></li>\n<li><a href=\"/partners\">Partners</a></li>\n<li><a href=\"/contact\">Contact</a></li>\n</ul>\n\n<h4>Legal</h4>\n<ul>\n<li><a href=\"/privacy\">Privacy Policy</a></li>\n<li><a href=\"/terms\">Terms of Service</a></li>\n<li><a href=\"/gdpr\">GDPR</a></li>\n<li><a href=\"/compliance\">Compliance</a></li>\n<li><a href=\"/cookies\">Cookie Policy</a></li>\n</ul>\n\n</div>\n\n<p>&copy; 2024 ProjectFlow Enterprise. All rights reserved.</p>\n\n<a href=\"https://twitter.com/projectflow\">Twitter</a> |\n<a href=\"https://linkedin.com/company/projectflow\">LinkedIn</a> |\n<a href=\"https://facebook.com/projectflow\">Facebook</a> |\n<a href=\"https://youtube.com/projectflow\">YouTube</a>\n\n</footer>",
  "links": [
    "{\"url\":\"https://projectflow.example.com/help\",\"text\":\"Help Center\",\"rel\":\"\",\"hreflang\":\"\"}",
    "{\"url\":\"https://projectflow.example.com/support\",\"text\":\"Support\",\"rel\":\"\",\"hreflang\":\"\"}",
    "{\"url\":\"https://projectflow.example.com/status\",\"text\":\"System Status\",\"rel\":\"\",\"hreflang\":\"\"}",
    "{\"url\":\"https://projectflow.example.com/api-docs\",\"text\":\"API Documentation\",\"rel\":\"\",\"hreflang\":\"\"}",
    "{\"url\":\"https://projectflow.example.com/\",\"text\":\"ProjectFlow Enterprise\",\"rel\":\"\",\"hreflang\":\"\"}",
    "{\"url\":\"https://projectflow.example.com/dashboard\",\"text\":\"Dashboard\",\"rel\":\"\",\"hreflang\":\"\"}",
    "{\"url\":\"https://projectflow.example.com/dashboard/overview\",\"text\":\"Overview\",\"rel\":\"\",\"hreflang\":\"\"}",
    "{\"url\":\"https://projectflow.example.com/dashboard/analytics\",\"text\":\"Analytics\",\"rel\":\"\",\"hreflang\":\"\"}",
    "{\"url\":\"https://projectflow.example.com/dashboard/reports\",\"text\":\"Reports\",\"rel\":\"\",\"hreflang\":\"\"}",
    "{\"url\":\"https://projectflow.example.com/dashboard/metrics\",\"text\":\"Key Metrics\",\"rel\":\"\",\"hreflang\":\"\"}",
    "{\"url\":\"https://projectflow.example.com/dashboard/custom\",\"text\":\"Custom Views\",\"rel\":\"\",\"hreflang\":\"\"}",
    "{\"url\":\"https://projectflow.example.com/projects\",\"text\":\"Projects\",\"rel\":\"\",\"hreflang\":\"\"}",
    "{\"url\":\"https://projectflow.example.com/projects/create\",\"text\":\"Create New Project\",\"rel\":\"\",\"hreflang\":\"\"}",
    "{\"url\":\"https://projectflow.example.com/projects/templates\",\"text\":\"Project Templates\",\"rel\":\"\",\"hreflang\":\"\"}",
    "{\"url\":\"https://projectflow.example.com/projects/import\",\"text\":\"Import Projects\",\"rel\":\"\",\"hreflang\":\"\"}",
    "{\"url\":\"https://projectflow.example.com/projects/archive\",\"text\":\"Archived Projects\",\"rel\":\"\",\"hreflang\":\"\"}",
    "{\"url\":\"https://projectflow.example.com/projects/gantt\",\"text\":\"Gantt Charts\",\"rel\":\"\",\"hreflang\":\"\"}",
    "{\"url\":\"https://projectflow.example.com/projects/kanban\",\"text\":\"Kanban Boards\",\"rel\":\"\",\"hreflang\":\"\"}",
    "{\"url\":\"https://projectflow.example.com/projects/calendar\",\"text\":\"Project Calendar\",\"rel\":\"\",\"hreflang\":\"\"}",
    "{\"url\":\"https://projectflow.example.com/projects/timeline\",\"text\":\"Timeline View\",\"rel\":\"\",\"hreflang\":\"\"}",
    "{\"url\":\"https://projectflow.example.com/projects/teams\",\"text\":\"Team Assignment\",\"rel\":\"\",\"hreflang\":\"\"}",
    "{\"url\":\"https://projectflow.example.com/projects/comments\",\"text\":\"Comments & Notes\",\"rel\":\"\",\"hreflang\":\"\"}",
    "{\"url\":\"https://projectflow.example.com/projects/files\",\"text\":\"File Sharing\",\"rel\":\"\",\"hreflang\":\"\"}",
    "{\"url\":\"https://projectflow.example.com/projects/approvals\",\"text\":\"Approval Workflows\",\"rel\":\"\",\"hreflang\":\"\"}",
    "{\"url\":\"https://projectflow.example.com/tasks\",\"text\":\"Tasks\",\"rel\":\"\",\"hreflang\":\"\"}",
    "{\"url\":\"https://projectflow.example.com/tasks/my-tasks\",\"text\":\"My Tasks\",\"rel\":\"\",\"hreflang\":\"\"}",
    "{\"url\":\"https://projectflow.example.com/tasks/team-tasks\",\"text\":\"Team Tasks\",\"rel\":\"\",\"hreflang\":\"\"}",
    "{\"url\":\"https://projectflow.example.com/tasks/create\",\"text\":\"Create Task\",\"rel\":\"\",\"hreflang\":\"\"}",
    "{\"url\":\"https://projectflow.example.com/tasks/recurring\",\"text\":\"Recurring Tasks\",\"rel\":\"\",\"hreflang\":\"\"}",
    "{\"url\":\"https://projectflow.example.com/tasks/overdue\",\"text\":\"Overdue Tasks\",\"rel\":\"\",\"hreflang\":\"\"}",
    "{\"url\":\"https://projectflow.example.com/tasks/completed\",\"text\":\"Completed Tasks\",\"rel\":\"\",\"hreflang\":\"\"}",
    "{\"url\":\"https://projectflow.example.com/teams\",\"text\":\"Teams\",\"rel\":\"\",\"hreflang\":\"\"}",
    "{\"url\":\"https://projectflow.example.com/teams/directory\",\"text\":\"Team Directory\",\"rel\":\"\",\"hreflang\":\"\"}",
    "{\"url\":\"https://projectflow.example.com/teams/create\",\"text\":\"Create Team\",\"rel\":\"\",\"hreflang\":\"\"}",
    "{\"url\":\"https://projectflow.example.com/teams/permissions\",\"text\":\"Permissions\",\"rel\":\"\",\"hreflang\":\"\"}",
    "{\"url\":\"https://projectflow.example.com/teams/workload\",\"text\":\"Workload Analysis\",\"rel\":\"\",\"hreflang\":\"\"}",
    "{\"url\":\"https://projectflow.example.com/teams/performance\",\"text\":\"Performance Metrics\",\"rel\":\"\",\"hreflang\":\"\"}",
    "{\"url\":\"https://projectflow.example.com/resources\",\"text\":\"Resources\",\"rel\":\"\",\"hreflang\":\"\"}",
    "{\"url\":\"https://projectflow.example.com/resources/calendar\",\"text\":\"Resource Calendar\",\"rel\":\"\",\"hreflang\":\"\"}",
    "{\"url\":\"https://projectflow.example.com/resources/allocation\",\"text\":\"Resource Allocation\",\"rel\":\"\",\"hreflang\":\"\"}",
    "{\"url\":\"https://projectflow.example.com/resources/capacity\",\"text\":\"Capacity Planning\",\"rel\":\"\",\"hreflang\":\"\"}",
    "{\"url\":\"https://projectflow.example.com/resources/conflicts\",\"text\":\"Conflict Resolution\",\"rel\":\"\",\"hreflang\":\"\"}",
    "{\"url\":\"https://projectflow.example.com/resources/budget\",\"text\":\"Budget Management\",\"rel\":\"\",\"hreflang\":\"\"}",
    "{\"url\":\"https://projectflow.example.com/reporting\",\"text\":\"Reporting\",\"rel\":\"\",\"hreflang\":\"\"}",
    "{\"url\":\"https://projectflow.example.com/reporting/executive\",\"text\":\"Executive Summary\",\"rel\":\"\",\"hreflang\":\"\"}",
    "{\"url\":\"https://projectflow.example.com/reporting/project-status\",\"text\":\"Project Status\",\"rel\":\"\",\"hreflang\":\"\"}",
    "{\"url\":\"https://projectflow.example.com/reporting/time-tracking\",\"text\":\"Time Reports\",\"rel\":\"\",\"hreflang\":\"\"}",
    "{\"url\":\"https://projectflow.example.com/reporting/budget-analysis\",\"text\":\"Budget Analysis\",\"rel\":\"\",\"hreflang\":\"\"}",
    "{\"url\":\"https://projectflow.example.com/reporting/custom-reports\",\"text\":\"Custom Reports\",\"rel\":\"\",\"hreflang\":\"\"}",
    "{\"url\":\"https://projectflow.example.com/reporting/export\",\"text\":\"Export Data\",\"rel\":\"\",\"hreflang\":\"\"}",
    "{\"url\":\"https://projectflow.example.com/settings\",\"text\":\"Settings\",\"rel\":\"\",\"hreflang\":\"\"}",
    "{\"url\":\"https://projectflow.example.com/settings/account\",\"text\":\"Account Settings\",\"rel\":\"\",\"hreflang\":\"\"}",
    "{\"url\":\"https://projectflow.example.com/settings/organization\",\"text\":\"Organization\",\"rel\":\"\",\"hreflang\":\"\"}",
    "{\"url\":\"https://projectflow.example.com/settings/integrations\",\"text\":\"Integrations\",\"rel\":\"\",\"hreflang\":\"\"}",
    "{\"url\":\"https://projectflow.example.com/settings/security\",\"text\":\"Security\",\"rel\":\"\",\"hreflang\":\"\"}",
    "{\"url\":\"https://projectflow.example.com/settings/billing\",\"text\":\"Billing\",\"rel\":\"\",\"hreflang\":\"\"}",
    "{\"url\":\"https://projectflow.example.com/notifications\",\"text\":\"7\",\"rel\":\"\",\"hreflang\":\"\"}",
    "{\"url\":\"https://projectflow.example.com/profile\",\"text\":\"John Doe\",\"rel\":\"\",\"hreflang\":\"\"}",
    "{\"url\":\"https://projectflow.example.com/profile\",\"text\":\"My Profile\",\"rel\":\"\",\"hreflang\":\"\"}",
    "{\"url\":\"https://projectflow.example.com/preferences\",\"text\":\"Preferences\",\"rel\":\"\",\"hreflang\":\"\"}",
    "{\"url\":\"https://projectflow.example.com/time-tracking\",\"text\":\"Time Tracking\",\"rel\":\"\",\"hreflang\":\"\"}",
    "{\"url\":\"https://projectflow.example.com/my-reports\",\"text\":\"My Reports\",\"rel\":\"\",\"hreflang\":\"\"}",
    "{\"url\":\"https://projectflow.example.com/logout\",\"text\":\"Sign Out\",\"rel\":\"\",\"hreflang\":\"\"}",
    "{\"url\":\"https://projectflow.example.com/\",\"text\":\"Home\",\"rel\":\"\",\"hreflang\":\"\"}",
    "{\"url\":\"https://projectflow.example.com/dashboard\",\"text\":\"Dashboard\",\"rel\":\"\",\"hreflang\":\"\"}",
    "{\"url\":\"https://projectflow.example.com/projects\",\"text\":\"Projects\",\"rel\":\"\",\"hreflang\":\"\"}",
    "{\"url\":\"https://projectflow.example.com/projects/client-portal\",\"text\":\"Client Portal Redesign\",\"rel\":\"\",\"hreflang\":\"\"}",
    "{\"url\":\"https://projectflow.example.com/tasks/create\",\"text\":\"+ New Task\",\"rel\":\"\",\"hreflang\":\"\"}",
    "{\"url\":\"https://projectflow.example.com/projects/create\",\"text\":\"+ New Project\",\"rel\":\"\",\"hreflang\":\"\"}",
    "{\"url\":\"https://projectflow.example.com/teams/invite\",\"text\":\"+ Invite Member\",\"rel\":\"\",\"hreflang\":\"\"}",
    "{\"url\":\"https://projectflow.example.com/meetings/schedule\",\"text\":\"+ Schedule Meeting\",\"rel\":\"\",\"hreflang\":\"\"}",
    "{\"url\":\"https://projectflow.example.com/projects/client-portal\",\"text\":\"Client Portal Redesign\n                                \n                                    \n                                \n                                In Progress\",\"rel\":\"\",\"hreflang\":\"\"}",
    "{\"url\":\"https://projectflow.example.com/projects/mobile-app\",\"text\":\"Mobile App v2.0\n                                \n                                    \n                                \n                                Planning\",\"rel\":\"\",\"hreflang\":\"\"}",
    "{\"url\":\"https://projectflow.example.com/projects/api-integration\",\"text\":\"API Integration\n                                \n                                    \n                                \n                                Testing\",\"rel\":\"\",\"hreflang\":\"\"}",
    "{\"url\":\"https://projectflow.example.com/projects\",\"text\":\"View All Projects\",\"rel\":\"\",\"hreflang\":\"\"}",
    "{\"url\":\"https://projectflow.example.com/tasks/1234\",\"text\":\"Review wireframes\n                            Due today\",\"rel\":\"\",\"hreflang\":\"\"}",
    "{\"url\":\"https://projectflow.example.com/tasks/1235\",\"text\":\"Update project timeline\n                            Due tomorrow\",\"rel\":\"\",\"hreflang\":\"\"}",
    "{\"url\":\"https://projectflow.example.com/tasks/1236\",\"text\":\"Team status meeting\n                            Due Friday\",\"rel\":\"\",\"hreflang\":\"\"}",
    "{\"url\":\"https://projectflow.example.com/tasks/my-tasks\",\"text\":\"View All Tasks\",\"rel\":\"\",\"hreflang\":\"\"}",
    "{\"url\":\"https://projectflow.example.com/tasks/1233\",\"text\":\"\\\"Database migration\\\"\",\"rel\":\"\",\"hreflang\":\"\"}",
    "{\"url\":\"https://projectflow.example.com/projects/client-portal\",\"text\":\"\\\"Client Portal Redesign\\\"\",\"rel\":\"\",\"hreflang\":\"\"}",
    "{\"url\":\"https://projectflow.example.com/activity\",\"text\":\"View All Activity\",\"rel\":\"\",\"hreflang\":\"\"}",
    "{\"url\":\"https://projectflow.example.com/dashboard/analytics\",\"text\":\"Analytics Dashboard\",\"rel\":\"\",\"hreflang\":\"\"}",
    "{\"url\":\"https://projectflow.example.com/reporting/time-tracking\",\"text\":\"Time Tracking Report\",\"rel\":\"\",\"hreflang\":\"\"}",
    "{\"url\":\"https://projectflow.example.com/projects/templates\",\"text\":\"Project Templates\",\"rel\":\"\",\"hreflang\":\"\"}",
    "{\"url\":\"https://projectflow.example.com/teams/directory\",\"text\":\"Team Directory\",\"rel\":\"\",\"hreflang\":\"\"}",
    "{\"url\":\"https://projectflow.example.com/projects/client-portal/overview\",\"text\":\"Overview\",\"rel\":\"\",\"hreflang\":\"\"}",
    "{\"url\":\"https://projectflow.example.com/projects/client-portal/tasks\",\"text\":\"Tasks (47)\",\"rel\":\"\",\"hreflang\":\"\"}",
    "{\"url\":\"https://projectflow.example.com/projects/client-portal/gantt\",\"text\":\"Gantt Chart\",\"rel\":\"\",\"hreflang\":\"\"}",
    "{\"url\":\"https://projectflow.example.com/projects/client-portal/team\",\"text\":\"Team (8)\",\"rel\":\"\",\"hreflang\":\"\"}",
    "{\"url\":\"https://projectflow.example.com/projects/client-portal/files\",\"text\":\"Files (23)\",\"rel\":\"\",\"hreflang\":\"\"}",
    "{\"url\":\"https://projectflow.example.com/projects/client-portal/reports\",\"text\":\"Reports\",\"rel\":\"\",\"hreflang\":\"\"}",
    "{\"url\":\"https://projectflow.example.com/projects/client-portal/settings\",\"text\":\"Settings\",\"rel\":\"\",\"hreflang\":\"\"}",
    "{\"url\":\"https://projectflow.example.com/dashboard#\",\"text\":\"Previous\",\"rel\":\"\",\"hreflang\":\"\"}",
    "{\"url\":\"https://projectflow.example.com/dashboard#\",\"text\":\"1\",\"rel\":\"\",\"hreflang\":\"\"}",
    "{\"url\":\"https://projectflow.example.com/dashboard#\",\"text\":\"2\",\"rel\":\"\",\"hreflang\":\"\"}",
    "{\"url\":\"https://projectflow.example.com/dashboard#\",\"text\":\"3\",\"rel\":\"\",\"hreflang\":\"\"}",
    "{\"url\":\"https://projectflow.example.com/dashboard#\",\"text\":\"4\",\"rel\":\"\",\"hreflang\":\"\"}",
    "{\"url\":\"https://projectflow.example.com/dashboard#\",\"text\":\"5\",\"rel\":\"\",\"hreflang\":\"\"}",
    "{\"url\":\"https://projectflow.example.com/dashboard#\",\"text\":\"Next\",\"rel\":\"\",\"hreflang\":\"\"}",
    "{\"url\":\"https://projectflow.example.com/features\",\"text\":\"Features\",\"rel\":\"\",\"hreflang\":\"\"}",
    "{\"url\":\"https://projectflow.example.com/integrations\",\"text\":\"Integrations\",\"rel\":\"\",\"hreflang\":\"\"}",
    "{\"url\":\"https://projectflow.example.com/security\",\"text\":\"Security\",\"rel\":\"\",\"hreflang\":\"\"}",
    "{\"url\":\"https://projectflow.example.com/mobile\",\"text\":\"Mobile Apps\",\"rel\":\"\",\"hreflang\":\"\"}",
    "{\"url\":\"https://projectflow.example.com/api\",\"text\":\"API\",\"rel\":\"\",\"hreflang\":\"\"}",
    "{\"url\":\"https://projectflow.example.com/help\",\"text\":\"Help Center\",\"rel\":\"\",\"hreflang\":\"\"}",
    "{\"url\":\"https://projectflow.example.com/tutorials\",\"text\":\"Tutorials\",\"rel\":\"\",\"hreflang\":\"\"}",
    "{\"url\":\"https://projectflow.example.com/webinars\",\"text\":\"Webinars\",\"rel\":\"\",\"hreflang\":\"\"}",
    "{\"url\":\"https://projectflow.example.com/best-practices\",\"text\":\"Best Practices\",\"rel\":\"\",\"hreflang\":\"\"}",
    "{\"url\":\"https://projectflow.example.com/templates\",\"text\":\"Templates\",\"rel\":\"\",\"hreflang\":\"\"}",
    "{\"url\":\"https://projectflow.example.com/about\",\"text\":\"About Us\",\"rel\":\"\",\"hreflang\":\"\"}",
    "{\"url\":\"https://projectflow.example.com/careers\",\"text\":\"Careers\",\"rel\":\"\",\"hreflang\":\"\"}",
    "{\"url\":\"https://projectflow.example.com/press\",\"text\":\"Press\",\"rel\":\"\",\"hreflang\":\"\"}",
    "{\"url\":\"https://projectflow.example.com/partners\",\"text\":\"Partners\",\"rel\":\"\",\"hreflang\":\"\"}",
    "{\"url\":\"https://projectflow.example.com/contact\",\"text\":\"Contact\",\"rel\":\"\",\"hreflang\":\"\"}",
    "{\"url\":\"https://projectflow.example.com/privacy\",\"text\":\"Privacy Policy\",\"rel\":\"\",\"hreflang\":\"\"}",
    "{\"url\":\"https://projectflow.example.com/terms\",\"text\":\"Terms of Service\",\"rel\":\"\",\"hreflang\":\"\"}",
    "{\"url\":\"https://projectflow.example.com/gdpr\",\"text\":\"GDPR\",\"rel\":\"\",\"hreflang\":\"\"}",
    "{\"url\":\"https://projectflow.example.com/compliance\",\"text\":\"Compliance\",\"rel\":\"\",\"hreflang\":\"\"}",
    "{\"url\":\"https://projectflow.example.com/cookies\",\"text\":\"Cookie Policy\",\"rel\":\"\",\"hreflang\":\"\"}",
    "{\"url\":\"https://twitter.com/projectflow\",\"text\":\"Twitter\",\"rel\":\"\",\"hreflang\":\"\"}",
    "{\"url\":\"https://linkedin.com/company/projectflow\",\"text\":\"LinkedIn\",\"rel\":\"\",\"hreflang\":\"\"}",
    "{\"url\":\"https://facebook.com/projectflow\",\"text\":\"Facebook\",\"rel\":\"\",\"hreflang\":\"\"}",
    "{\"url\":\"https://youtube.com/projectflow\",\"text\":\"YouTube\",\"rel\":\"\",\"hreflang\":\"\"}",
    "canonical:https://projectflow.example.com/dashboard"
  ],
  "media": [
    "image:https://projectflow.example.com/avatars/john-doe.jpg",
    "image:https://projectflow.example.com/avatars/sarah-wilson.jpg",
    "image:https://projectflow.example.com/avatars/mike-chen.jpg",
    "image:https://projectflow.example.com/avatars/john-doe.jpg",
    "image:https://projectflow.example.com/avatars/sarah-wilson.jpg",
    "image:https://projectflow.example.com/avatars/mike-chen.jpg",
    "image:https://projectflow.example.com/avatars/lisa-park.jpg",
    "og:image:https://projectflow.example.com/images/dashboard-preview.jpg"
  ],
  "language": "en",
  "reading_time": 2,
  "quality_score": 100,
  "word_count": 382,
  "categories": [
    "Client Portal Redesign",
    "Dashboard",
    "Projects"
  ],
  "site_name": "ProjectFlow Enterprise",
  "description": "Comprehensive project management dashboard with advanced analytics, team collaboration tools, and real-time reporting capabilities for enterprise organizations."
}