// Golden test snapshot for: news_site_full
// Generated for URL: https://news.example.com/tech/ai-breakthrough-2024
// Extraction mode: ExtractionMode::Full
// Expected features: ["full_page_content", "navigation_links", "sidebar_content", "footer_links", "all_media", "complete_link_graph"]
{
  "url": "https://news.example.com/tech/ai-breakthrough-2024",
  "title": "Breaking: Major Tech Company Announces Revolutionary AI Breakthrough",
  "byline": "Jane Smith",
  "published_iso": null,
  "markdown": "",
  "text": "Home\n            Technology\n            Business\n            Science\n        \n    \n\n    \n        \n            Related Articles\n            \n                Quantum Computing Advances\n                Tech Stocks Rise\n                AI Research Funding\n            \n            \n                \n            \n        \n\n        \n            \n                \n                    Breaking: Major Tech Company Announces Revolutionary AI Breakthrough\n                    \n                        By Jane Smith\n                        September 25, 2024\n                        5 min read\n                    \n                    \n                \n\n                \n                    SILICON VALLEY, CA - In a groundbreaking announcement today, TechCorp revealed their latest artificial intelligence system that promises to transform multiple industries through advanced machine learning capabilities and unprecedented processing efficiency.\n\n                    The new AI system, dubbed \"CogniTech Pro,\" represents a significant leap forward in artificial general intelligence research. According to Dr. Michael Chen, TechCorp's Chief AI Researcher, the system demonstrates remarkable improvements in natural language processing, computer vision, and predictive analytics.\n\n                    \n                        \"This is not just an incremental improvement - it's a paradigm shift in how we approach artificial intelligence,\" said Dr. Chen during the press conference. \"CogniTech Pro can understand context, make nuanced decisions, and adapt to new situations with minimal training.\"\n                    \n\n                    Key Features and Capabilities\n                    The breakthrough system includes several innovative features:\n                    \n                        Multimodal Understanding: Processes text, images, and audio simultaneously\n                        Real-time Learning: Adapts and improves performance during operation\n                        Energy Efficiency: Consumes 75% less power than comparable systems\n                        Ethical AI Framework: Built-in safeguards for responsible deployment\n                    \n\n                    Industry Impact\n                    Industry experts predict that CogniTech Pro could revolutionize sectors including healthcare, finance, transportation, and education. Early beta testers report significant improvements in diagnostic accuracy, fraud detection, autonomous vehicle safety, and personalized learning experiences.\n\n                    Maria Rodriguez, a healthcare AI specialist at Memorial Hospital, noted: \"The diagnostic capabilities we've seen in preliminary testing are extraordinary. This could help us identify diseases earlier and with greater accuracy than ever before.\"\n\n                    Market Response\n                    Following the announcement, TechCorp's stock price surged 15% in after-hours trading. Competing technology companies are already announcing accelerated timelines for their own AI research programs.\n\n                    The system is expected to enter limited commercial availability in Q1 2025, with broader deployment planned throughout the year. TechCorp has committed to working closely with regulatory bodies to ensure responsible implementation across all target markets.\n\n                    \n                        Related Coverage\n                        \n                            Technical Analysis: How CogniTech Pro Works\n                            Market Impact: TechCorp Stock Soars\n                            Ethics Panel: Responsible AI Development\n                        \n                    \n                \n\n                \n                    \n                        Artificial Intelligence\n                        Technology\n                        TechCorp\n                        Machine Learning\n                    \n                    \n                        Share on Twitter\n                        Share on Facebook\n                        Share on LinkedIn\n                    \n                \n            \n        \n    \n\n    \n        Reader Comments\n        \n        Comments loading...\n    \n\n    \n        Â© 2024 TechNews Today. All rights reserved.\n        \n            Privacy Policy |\n            Terms of Service |\n            Contact",
  "links": [
    "{\"url\":\"https://news.example.com/home\",\"text\":\"Home\",\"rel\":\"\",\"hreflang\":\"\"}",
    "{\"url\":\"https://news.example.com/tech\",\"text\":\"Technology\",\"rel\":\"\",\"hreflang\":\"\"}",
    "{\"url\":\"https://news.example.com/business\",\"text\":\"Business\",\"rel\":\"\",\"hreflang\":\"\"}",
    "{\"url\":\"https://news.example.com/science\",\"text\":\"Science\",\"rel\":\"\",\"hreflang\":\"\"}",
    "{\"url\":\"https://news.example.com/tech/quantum-computing-advances\",\"text\":\"Quantum Computing Advances\",\"rel\":\"\",\"hreflang\":\"\"}",
    "{\"url\":\"https://news.example.com/business/tech-stocks-rise\",\"text\":\"Tech Stocks Rise\",\"rel\":\"\",\"hreflang\":\"\"}",
    "{\"url\":\"https://news.example.com/science/ai-research-funding\",\"text\":\"AI Research Funding\",\"rel\":\"\",\"hreflang\":\"\"}",
    "{\"url\":\"https://techreview.com/ai-breakthrough-analysis\",\"text\":\"Technical Analysis: How CogniTech Pro Works\",\"rel\":\"\",\"hreflang\":\"\"}",
    "{\"url\":\"https://businesswire.com/techcorp-stock-surge\",\"text\":\"Market Impact: TechCorp Stock Soars\",\"rel\":\"\",\"hreflang\":\"\"}",
    "{\"url\":\"https://ethicsboard.org/ai-responsibility\",\"text\":\"Ethics Panel: Responsible AI Development\",\"rel\":\"\",\"hreflang\":\"\"}",
    "{\"url\":\"https://news.example.com/tech/ai-breakthrough-2024#\",\"text\":\"Share on Twitter\",\"rel\":\"\",\"hreflang\":\"\"}",
    "{\"url\":\"https://news.example.com/tech/ai-breakthrough-2024#\",\"text\":\"Share on Facebook\",\"rel\":\"\",\"hreflang\":\"\"}",
    "{\"url\":\"https://news.example.com/tech/ai-breakthrough-2024#\",\"text\":\"Share on LinkedIn\",\"rel\":\"\",\"hreflang\":\"\"}",
    "{\"url\":\"https://news.example.com/privacy\",\"text\":\"Privacy Policy\",\"rel\":\"\",\"hreflang\":\"\"}",
    "{\"url\":\"https://news.example.com/terms\",\"text\":\"Terms of Service\",\"rel\":\"\",\"hreflang\":\"\"}",
    "{\"url\":\"https://news.example.com/contact\",\"text\":\"Contact\",\"rel\":\"\",\"hreflang\":\"\"}",
    "canonical:https://news.example.com/tech/ai-breakthrough-2024"
  ],
  "media": [
    "image:https://news.example.com/ads/tech-banner.jpg",
    "image:https://news.example.com/images/ai-breakthrough.jpg",
    "og:image:https://news.example.com/images/ai-breakthrough.jpg"
  ],
  "language": "en",
  "reading_time": 2,
  "quality_score": 100,
  "word_count": 372,
  "categories": [
    "Artificial Intelligence",
    "Machine Learning",
    "TechCorp",
    "Technology"
  ],
  "site_name": "TechNews Today",
  "description": "In a groundbreaking announcement today, TechCorp revealed their latest artificial intelligence system that promises to transform multiple industries."
}